0 /dev/null
1 /dev/null
2 /dev/null
3 /dev/ffts
4 /sys/kernel/debug/tracing/trace_marker
5 anon_inode:[eventpoll]
6 pipe:[26812]
8 pipe:[26812]
9 /sys/kernel/debug/tracing/trace_marker
10 anon_inode:[eventpoll]
11 /data/storage/el2/base/haps/entry/cache/direct-fork-inherited-fds.log
12 anon_inode:[eventfd]
13 /dev/kmsg
14 anon_inode:[eventpoll]
15 pipe:[26810]
16 pipe:[26810]
17 anon_inode:[eventfd]
18 /system/app/SystemResources/SystemResources.hap
19 /system/app/SystemResources/SystemResourcesExt.hap
20 /memfd:relro_cache (deleted)
21 anon_inode:[timerfd]
22 /dev/kmsg
23 /proc/48548/fd
24 /data/storage/el1/bundle/entry.hap
25 anon_inode:[eventpoll]
26 anon_inode:[eventfd]
27 /dev/urandom
30 anon_inode:[eventpoll]
35 pipe:[26811]
36 pipe:[26811]
7 socket:[2327505]
29 socket:[2327521]
31 socket:[2327529]
32 socket:[2327531]
33 socket:[2327533]
34 socket:[2327535]
